Archive member included because of file (symbol)

d:/courses/embedded systems/amit/eclipse/winavr-20100110/bin/../lib/gcc/avr/4.3.3/avr5\libgcc.a(_exit.o)
                              d:/courses/embedded systems/amit/eclipse/winavr-20100110/bin/../lib/gcc/avr/4.3.3/../../../../avr/lib/avr5/crtm32.o (exit)
d:/courses/embedded systems/amit/eclipse/winavr-20100110/bin/../lib/gcc/avr/4.3.3/avr5\libgcc.a(_copy_data.o)
                              ./ADC_program.o (__do_copy_data)
d:/courses/embedded systems/amit/eclipse/winavr-20100110/bin/../lib/gcc/avr/4.3.3/avr5\libgcc.a(_clear_bss.o)
                              ./ADC_program.o (__do_clear_bss)

Allocating common symbols
Common symbol       size              file

sensors             0xf               ./main.o

Memory Configuration

Name             Origin             Length             Attributes
text             0x00000000         0x00020000         xr
data             0x00800060         0x0000ffa0         rw !x
eeprom           0x00810000         0x00010000         rw !x
fuse             0x00820000         0x00000400         rw !x
lock             0x00830000         0x00000400         rw !x
signature        0x00840000         0x00000400         rw !x
*default*        0x00000000         0xffffffff

Linker script and memory map

LOAD d:/courses/embedded systems/amit/eclipse/winavr-20100110/bin/../lib/gcc/avr/4.3.3/../../../../avr/lib/avr5/crtm32.o
LOAD ./General_Interrupts/GEN_INTERRUPT__Program.o
LOAD ./DIO/DIO_Program.o
LOAD ./ADC_program.o
LOAD ./main.o
LOAD d:/courses/embedded systems/amit/eclipse/winavr-20100110/bin/../lib/gcc/avr/4.3.3/avr5\libgcc.a
LOAD d:/courses/embedded systems/amit/eclipse/winavr-20100110/bin/../lib/gcc/avr/4.3.3/../../../../avr/lib/avr5\libc.a
LOAD d:/courses/embedded systems/amit/eclipse/winavr-20100110/bin/../lib/gcc/avr/4.3.3/avr5\libgcc.a

.hash
 *(.hash)

.dynsym
 *(.dynsym)

.dynstr
 *(.dynstr)

.gnu.version
 *(.gnu.version)

.gnu.version_d
 *(.gnu.version_d)

.gnu.version_r
 *(.gnu.version_r)

.rel.init
 *(.rel.init)

.rela.init
 *(.rela.init)

.rel.text
 *(.rel.text)
 *(.rel.text.*)
 *(.rel.gnu.linkonce.t*)

.rela.text
 *(.rela.text)
 *(.rela.text.*)
 *(.rela.gnu.linkonce.t*)

.rel.fini
 *(.rel.fini)

.rela.fini
 *(.rela.fini)

.rel.rodata
 *(.rel.rodata)
 *(.rel.rodata.*)
 *(.rel.gnu.linkonce.r*)

.rela.rodata
 *(.rela.rodata)
 *(.rela.rodata.*)
 *(.rela.gnu.linkonce.r*)

.rel.data
 *(.rel.data)
 *(.rel.data.*)
 *(.rel.gnu.linkonce.d*)

.rela.data
 *(.rela.data)
 *(.rela.data.*)
 *(.rela.gnu.linkonce.d*)

.rel.ctors
 *(.rel.ctors)

.rela.ctors
 *(.rela.ctors)

.rel.dtors
 *(.rel.dtors)

.rela.dtors
 *(.rela.dtors)

.rel.got
 *(.rel.got)

.rela.got
 *(.rela.got)

.rel.bss
 *(.rel.bss)

.rela.bss
 *(.rela.bss)

.rel.plt
 *(.rel.plt)

.rela.plt
 *(.rela.plt)

.text           0x00000000      0xd6c
 *(.vectors)
 .vectors       0x00000000       0x54 d:/courses/embedded systems/amit/eclipse/winavr-20100110/bin/../lib/gcc/avr/4.3.3/../../../../avr/lib/avr5/crtm32.o
                0x00000000                __vectors
                0x00000000                __vector_default
 *(.vectors)
 *(.progmem.gcc*)
 *(.progmem*)
                0x00000054                . = ALIGN (0x2)
                0x00000054                __trampolines_start = .
 *(.trampolines)
 .trampolines   0x00000054        0x0 linker stubs
 *(.trampolines*)
                0x00000054                __trampolines_end = .
 *(.jumptables)
 *(.jumptables*)
 *(.lowtext)
 *(.lowtext*)
                0x00000054                __ctors_start = .
 *(.ctors)
                0x00000054                __ctors_end = .
                0x00000054                __dtors_start = .
 *(.dtors)
                0x00000054                __dtors_end = .
 SORT(*)(.ctors)
 SORT(*)(.dtors)
 *(.init0)
 .init0         0x00000054        0x0 d:/courses/embedded systems/amit/eclipse/winavr-20100110/bin/../lib/gcc/avr/4.3.3/../../../../avr/lib/avr5/crtm32.o
                0x00000054                __init
 *(.init0)
 *(.init1)
 *(.init1)
 *(.init2)
 .init2         0x00000054        0xc d:/courses/embedded systems/amit/eclipse/winavr-20100110/bin/../lib/gcc/avr/4.3.3/../../../../avr/lib/avr5/crtm32.o
 *(.init2)
 *(.init3)
 *(.init3)
 *(.init4)
 .init4         0x00000060       0x16 d:/courses/embedded systems/amit/eclipse/winavr-20100110/bin/../lib/gcc/avr/4.3.3/avr5\libgcc.a(_copy_data.o)
                0x00000060                __do_copy_data
 .init4         0x00000076       0x10 d:/courses/embedded systems/amit/eclipse/winavr-20100110/bin/../lib/gcc/avr/4.3.3/avr5\libgcc.a(_clear_bss.o)
                0x00000076                __do_clear_bss
 *(.init4)
 *(.init5)
 *(.init5)
 *(.init6)
 *(.init6)
 *(.init7)
 *(.init7)
 *(.init8)
 *(.init8)
 *(.init9)
 .init9         0x00000086        0x8 d:/courses/embedded systems/amit/eclipse/winavr-20100110/bin/../lib/gcc/avr/4.3.3/../../../../avr/lib/avr5/crtm32.o
 *(.init9)
 *(.text)
 .text          0x0000008e        0x4 d:/courses/embedded systems/amit/eclipse/winavr-20100110/bin/../lib/gcc/avr/4.3.3/../../../../avr/lib/avr5/crtm32.o
                0x0000008e                __vector_1
                0x0000008e                __vector_12
                0x0000008e                __bad_interrupt
                0x0000008e                __vector_6
                0x0000008e                __vector_3
                0x0000008e                __vector_11
                0x0000008e                __vector_13
                0x0000008e                __vector_17
                0x0000008e                __vector_19
                0x0000008e                __vector_7
                0x0000008e                __vector_5
                0x0000008e                __vector_4
                0x0000008e                __vector_9
                0x0000008e                __vector_2
                0x0000008e                __vector_15
                0x0000008e                __vector_8
                0x0000008e                __vector_14
                0x0000008e                __vector_10
                0x0000008e                __vector_18
                0x0000008e                __vector_20
 .text          0x00000092        0x0 ./General_Interrupts/GEN_INTERRUPT__Program.o
 .text          0x00000092        0x0 ./DIO/DIO_Program.o
 .text          0x00000092        0x0 ./ADC_program.o
 .text          0x00000092        0x0 ./main.o
 .text          0x00000092        0x0 d:/courses/embedded systems/amit/eclipse/winavr-20100110/bin/../lib/gcc/avr/4.3.3/avr5\libgcc.a(_exit.o)
 .text          0x00000092        0x0 d:/courses/embedded systems/amit/eclipse/winavr-20100110/bin/../lib/gcc/avr/4.3.3/avr5\libgcc.a(_copy_data.o)
 .text          0x00000092        0x0 d:/courses/embedded systems/amit/eclipse/winavr-20100110/bin/../lib/gcc/avr/4.3.3/avr5\libgcc.a(_clear_bss.o)
                0x00000092                . = ALIGN (0x2)
 *(.text.*)
 .text.GENERAL_INTERRUPT_enableInterrupt
                0x00000092       0x1c ./General_Interrupts/GEN_INTERRUPT__Program.o
                0x00000092                GENERAL_INTERRUPT_enableInterrupt
 .text.GENERAL_INTERRUPT_disableInterrupt
                0x000000ae       0x1c ./General_Interrupts/GEN_INTERRUPT__Program.o
                0x000000ae                GENERAL_INTERRUPT_disableInterrupt
 .text.DIO_setPinDirection
                0x000000ca      0x226 ./DIO/DIO_Program.o
                0x000000ca                DIO_setPinDirection
 .text.DIO_setPinValue
                0x000002f0      0x226 ./DIO/DIO_Program.o
                0x000002f0                DIO_setPinValue
 .text.DIO_ReadPinValue
                0x00000516      0x132 ./DIO/DIO_Program.o
                0x00000516                DIO_ReadPinValue
 .text.DIO_setPortDirection
                0x00000648       0x9e ./DIO/DIO_Program.o
                0x00000648                DIO_setPortDirection
 .text.DIO_setPortValue
                0x000006e6       0x92 ./DIO/DIO_Program.o
                0x000006e6                DIO_setPortValue
 .text.DIO_ReadPortValue
                0x00000778       0xb6 ./DIO/DIO_Program.o
                0x00000778                DIO_ReadPortValue
 .text.DIO_setIntPullUpRes
                0x0000082e       0x40 ./DIO/DIO_Program.o
                0x0000082e                DIO_setIntPullUpRes
 .text.setCallBack_ADC
                0x0000086e       0x24 ./ADC_program.o
                0x0000086e                setCallBack_ADC
 .text.ADC_init
                0x00000892       0x70 ./ADC_program.o
                0x00000892                ADC_init
 .text.ADC_startConversionSync
                0x00000902      0x106 ./ADC_program.o
                0x00000902                ADC_startConversionSync
 .text.ADC_startConversionAsync
                0x00000a08       0x62 ./ADC_program.o
                0x00000a08                ADC_startConversionAsync
 .text.ADC_startChainConversionSync
                0x00000a6a       0x92 ./ADC_program.o
                0x00000a6a                ADC_startChainConversionSync
 .text.ADC_startChainConversionAsync
                0x00000afc       0x9a ./ADC_program.o
                0x00000afc                ADC_startChainConversionAsync
 .text.__vector_16
                0x00000b96      0x128 ./ADC_program.o
                0x00000b96                __vector_16
 .text.main     0x00000cbe       0x46 ./main.o
                0x00000cbe                main
 .text.ADC_ISR  0x00000d04       0x64 ./main.o
                0x00000d04                ADC_ISR
 .text.libgcc   0x00000d68        0x0 d:/courses/embedded systems/amit/eclipse/winavr-20100110/bin/../lib/gcc/avr/4.3.3/avr5\libgcc.a(_exit.o)
 .text.libgcc   0x00000d68        0x0 d:/courses/embedded systems/amit/eclipse/winavr-20100110/bin/../lib/gcc/avr/4.3.3/avr5\libgcc.a(_copy_data.o)
 .text.libgcc   0x00000d68        0x0 d:/courses/embedded systems/amit/eclipse/winavr-20100110/bin/../lib/gcc/avr/4.3.3/avr5\libgcc.a(_clear_bss.o)
                0x00000d68                . = ALIGN (0x2)
 *(.fini9)
 .fini9         0x00000d68        0x0 d:/courses/embedded systems/amit/eclipse/winavr-20100110/bin/../lib/gcc/avr/4.3.3/avr5\libgcc.a(_exit.o)
                0x00000d68                exit
                0x00000d68                _exit
 *(.fini9)
 *(.fini8)
 *(.fini8)
 *(.fini7)
 *(.fini7)
 *(.fini6)
 *(.fini6)
 *(.fini5)
 *(.fini5)
 *(.fini4)
 *(.fini4)
 *(.fini3)
 *(.fini3)
 *(.fini2)
 *(.fini2)
 *(.fini1)
 *(.fini1)
 *(.fini0)
 .fini0         0x00000d68        0x4 d:/courses/embedded systems/amit/eclipse/winavr-20100110/bin/../lib/gcc/avr/4.3.3/avr5\libgcc.a(_exit.o)
 *(.fini0)
                0x00000d6c                _etext = .

.data           0x00800060        0x2 load address 0x00000d6c
                0x00800060                PROVIDE (__data_start, .)
 *(.data)
 .data          0x00800060        0x0 d:/courses/embedded systems/amit/eclipse/winavr-20100110/bin/../lib/gcc/avr/4.3.3/../../../../avr/lib/avr5/crtm32.o
 .data          0x00800060        0x0 ./General_Interrupts/GEN_INTERRUPT__Program.o
 .data          0x00800060        0x0 ./DIO/DIO_Program.o
 .data          0x00800060        0x0 ./ADC_program.o
 .data          0x00800060        0x0 ./main.o
 .data          0x00800060        0x0 d:/courses/embedded systems/amit/eclipse/winavr-20100110/bin/../lib/gcc/avr/4.3.3/avr5\libgcc.a(_exit.o)
 .data          0x00800060        0x0 d:/courses/embedded systems/amit/eclipse/winavr-20100110/bin/../lib/gcc/avr/4.3.3/avr5\libgcc.a(_copy_data.o)
 .data          0x00800060        0x0 d:/courses/embedded systems/amit/eclipse/winavr-20100110/bin/../lib/gcc/avr/4.3.3/avr5\libgcc.a(_clear_bss.o)
 *(.data*)
 .data.ADC_available
                0x00800060        0x1 ./ADC_program.o
 *(.rodata)
 *(.rodata*)
 *(.gnu.linkonce.d*)
                0x00800062                . = ALIGN (0x2)
 *fill*         0x00800061        0x1 00
                0x00800062                _edata = .
                0x00800062                PROVIDE (__data_end, .)

.bss            0x00800062       0x1d
                0x00800062                PROVIDE (__bss_start, .)
 *(.bss)
 .bss           0x00800062        0x0 d:/courses/embedded systems/amit/eclipse/winavr-20100110/bin/../lib/gcc/avr/4.3.3/../../../../avr/lib/avr5/crtm32.o
 .bss           0x00800062        0x0 ./General_Interrupts/GEN_INTERRUPT__Program.o
 .bss           0x00800062        0x0 ./DIO/DIO_Program.o
 .bss           0x00800062        0x0 ./ADC_program.o
 .bss           0x00800062        0x0 ./main.o
 .bss           0x00800062        0x0 d:/courses/embedded systems/amit/eclipse/winavr-20100110/bin/../lib/gcc/avr/4.3.3/avr5\libgcc.a(_exit.o)
 .bss           0x00800062        0x0 d:/courses/embedded systems/amit/eclipse/winavr-20100110/bin/../lib/gcc/avr/4.3.3/avr5\libgcc.a(_copy_data.o)
 .bss           0x00800062        0x0 d:/courses/embedded systems/amit/eclipse/winavr-20100110/bin/../lib/gcc/avr/4.3.3/avr5\libgcc.a(_clear_bss.o)
 *(.bss*)
 .bss.ADC_value
                0x00800062        0x2 ./ADC_program.o
 .bss.global_AsyncStatus
                0x00800064        0x1 ./ADC_program.o
 .bss.ChainChannelID
                0x00800065        0x2 ./ADC_program.o
 .bss.ChainReadig
                0x00800067        0x2 ./ADC_program.o
 .bss.ptrFun    0x00800069        0x2 ./ADC_program.o
                0x00800069                ptrFun
 .bss.ChainAsyncIndex
                0x0080006b        0x1 ./ADC_program.o
                0x0080006b                ChainAsyncIndex
 .bss.ADC_ptrFun
                0x0080006c        0x2 ./ADC_program.o
                0x0080006c                ADC_ptrFun
 .bss.ADC_value
                0x0080006e        0x2 ./main.o
 *(COMMON)
 COMMON         0x00800070        0xf ./main.o
                0x00800070                sensors
                0x0080007f                PROVIDE (__bss_end, .)
                0x00000d6c                __data_load_start = LOADADDR (.data)
                0x00000d6e                __data_load_end = (__data_load_start + SIZEOF (.data))

.noinit         0x0080007f        0x0
                0x0080007f                PROVIDE (__noinit_start, .)
 *(.noinit*)
                0x0080007f                PROVIDE (__noinit_end, .)
                0x0080007f                _end = .
                0x0080007f                PROVIDE (__heap_start, .)

.eeprom         0x00810000        0x0
 *(.eeprom*)
                0x00810000                __eeprom_end = .

.fuse
 *(.fuse)
 *(.lfuse)
 *(.hfuse)
 *(.efuse)

.lock
 *(.lock*)

.signature
 *(.signature*)

.stab
 *(.stab)

.stabstr
 *(.stabstr)

.stab.excl
 *(.stab.excl)

.stab.exclstr
 *(.stab.exclstr)

.stab.index
 *(.stab.index)

.stab.indexstr
 *(.stab.indexstr)

.comment
 *(.comment)

.debug
 *(.debug)

.line
 *(.line)

.debug_srcinfo
 *(.debug_srcinfo)

.debug_sfnames
 *(.debug_sfnames)

.debug_aranges  0x00000000       0xf0
 *(.debug_aranges)
 .debug_aranges
                0x00000000       0x28 ./General_Interrupts/GEN_INTERRUPT__Program.o
 .debug_aranges
                0x00000028       0x50 ./DIO/DIO_Program.o
 .debug_aranges
                0x00000078       0x50 ./ADC_program.o
 .debug_aranges
                0x000000c8       0x28 ./main.o

.debug_pubnames
                0x00000000      0x22e
 *(.debug_pubnames)
 .debug_pubnames
                0x00000000       0x5f ./General_Interrupts/GEN_INTERRUPT__Program.o
 .debug_pubnames
                0x0000005f       0xaf ./DIO/DIO_Program.o
 .debug_pubnames
                0x0000010e       0xed ./ADC_program.o
 .debug_pubnames
                0x000001fb       0x33 ./main.o

.debug_info     0x00000000      0x787
 *(.debug_info)
 .debug_info    0x00000000       0x8c ./General_Interrupts/GEN_INTERRUPT__Program.o
 .debug_info    0x0000008c      0x28e ./DIO/DIO_Program.o
 .debug_info    0x0000031a      0x315 ./ADC_program.o
 .debug_info    0x0000062f      0x158 ./main.o
 *(.gnu.linkonce.wi.*)

.debug_abbrev   0x00000000      0x287
 *(.debug_abbrev)
 .debug_abbrev  0x00000000       0x36 ./General_Interrupts/GEN_INTERRUPT__Program.o
 .debug_abbrev  0x00000036       0x87 ./DIO/DIO_Program.o
 .debug_abbrev  0x000000bd       0xeb ./ADC_program.o
 .debug_abbrev  0x000001a8       0xdf ./main.o

.debug_line     0x00000000      0xbb3
 *(.debug_line)
 .debug_line    0x00000000      0x180 ./General_Interrupts/GEN_INTERRUPT__Program.o
 .debug_line    0x00000180      0x3e1 ./DIO/DIO_Program.o
 .debug_line    0x00000561      0x3cc ./ADC_program.o
 .debug_line    0x0000092d      0x286 ./main.o

.debug_frame    0x00000000      0x160
 *(.debug_frame)
 .debug_frame   0x00000000       0x30 ./General_Interrupts/GEN_INTERRUPT__Program.o
 .debug_frame   0x00000030       0x80 ./DIO/DIO_Program.o
 .debug_frame   0x000000b0       0x80 ./ADC_program.o
 .debug_frame   0x00000130       0x30 ./main.o

.debug_str      0x00000000      0x408
 *(.debug_str)
 .debug_str     0x00000000      0x11b ./General_Interrupts/GEN_INTERRUPT__Program.o
                                0x142 (size before relaxing)
 .debug_str     0x0000011b      0x10c ./DIO/DIO_Program.o
                                0x1da (size before relaxing)
 .debug_str     0x00000227      0x1c2 ./ADC_program.o
                                0x2c0 (size before relaxing)
 .debug_str     0x000003e9       0x1f ./main.o
                                0x15a (size before relaxing)

.debug_loc
 *(.debug_loc)

.debug_macinfo  0x00000000     0x5950
 *(.debug_macinfo)
 .debug_macinfo
                0x00000000      0xe91 ./General_Interrupts/GEN_INTERRUPT__Program.o
 .debug_macinfo
                0x00000e91      0xf7f ./DIO/DIO_Program.o
 .debug_macinfo
                0x00001e10     0x1694 ./ADC_program.o
 .debug_macinfo
                0x000034a4     0x24ac ./main.o
OUTPUT(ADC.elf elf32-avr)
LOAD linker stubs

.debug_ranges   0x00000000       0xd0
 .debug_ranges  0x00000000       0x20 ./General_Interrupts/GEN_INTERRUPT__Program.o
 .debug_ranges  0x00000020       0x48 ./DIO/DIO_Program.o
 .debug_ranges  0x00000068       0x48 ./ADC_program.o
 .debug_ranges  0x000000b0       0x20 ./main.o
